Java HotSpot(TM) 64-Bit Server VM (25.201-b09) for bsd-amd64 JRE (1.8.0_201-b09), built on Dec 15 2018 18:35:23 by "java_re" with gcc 4.2.1 (Based on Apple Inc. build 5658) (LLVM build 2336.11.00)
Memory: 4k page, physical 16777216k(373752k free)

/proc/meminfo:

CommandLine flags: -XX:+HeapDumpOnOutOfMemoryError -XX:InitialHeapSize=4294967296 -XX:MaxGCPauseMillis=200 -XX:MaxHeapSize=4294967296 -XX:+PrintGC -XX:+PrintGCCause -XX:+PrintGCDetails -XX:+PrintGCTimeStamps -XX:ThreadStackSize=256 -XX:+UseCompressedClassPointers -XX:+UseCompressedOops -XX:+UseG1GC 
16.778: [GC pause (G1 Evacuation Pause) (young), 0.0260879 secs]
   [Parallel Time: 18.3 ms, GC Workers: 8]
      [GC Worker Start (ms): Min: 16778.6, Avg: 16778.7, Max: 16778.8, Diff: 0.1]
      [Ext Root Scanning (ms): Min: 0.9, Avg: 1.3, Max: 2.6, Diff: 1.7, Sum: 10.2]
      [Update RS (ms): Min: 0.0, Avg: 0.0, Max: 0.0, Diff: 0.0, Sum: 0.0]
         [Processed Buffers: Min: 0, Avg: 0.0, Max: 0, Diff: 0, Sum: 0]
      [Scan RS (ms): Min: 0.0, Avg: 0.0, Max: 0.0, Diff: 0.0, Sum: 0.1]
      [Code Root Scanning (ms): Min: 0.0, Avg: 0.9, Max: 3.8, Diff: 3.8, Sum: 7.2]
      [Object Copy (ms): Min: 2.4, Avg: 5.3, Max: 6.4, Diff: 3.9, Sum: 42.6]
      [Termination (ms): Min: 0.0, Avg: 3.0, Max: 10.7, Diff: 10.7, Sum: 23.9]
         [Termination Attempts: Min: 1, Avg: 21.4, Max: 38, Diff: 37, Sum: 171]
      [GC Worker Other (ms): Min: 0.0, Avg: 0.0, Max: 0.0, Diff: 0.0, Sum: 0.2]
      [GC Worker Total (ms): Min: 7.9, Avg: 10.5, Max: 18.0, Diff: 10.1, Sum: 84.2]
      [GC Worker End (ms): Min: 16786.6, Avg: 16789.2, Max: 16796.7, Diff: 10.0]
   [Code Root Fixup: 0.2 ms]
   [Code Root Purge: 0.2 ms]
   [Clear CT: 0.3 ms]
   [Other: 7.1 ms]
      [Choose CSet: 0.0 ms]
      [Ref Proc: 6.2 ms]
      [Ref Enq: 0.0 ms]
      [Redirty Cards: 0.1 ms]
      [Humongous Register: 0.1 ms]
      [Humongous Reclaim: 0.0 ms]
      [Free CSet: 0.2 ms]
   [Eden: 204.0M(204.0M)->0.0B(204.0M) Survivors: 0.0B->8192.0K Heap: 204.0M(4096.0M)->7542.8K(4096.0M)]
 [Times: user=0.05 sys=0.01, real=0.03 secs] 
58.473: [GC pause (G1 Evacuation Pause) (young), 0.0143047 secs]
   [Parallel Time: 11.7 ms, GC Workers: 8]
      [GC Worker Start (ms): Min: 58473.5, Avg: 58475.5, Max: 58481.8, Diff: 8.2]
      [Ext Root Scanning (ms): Min: 0.0, Avg: 0.4, Max: 1.5, Diff: 1.5, Sum: 2.9]
      [Update RS (ms): Min: 0.0, Avg: 0.0, Max: 0.0, Diff: 0.0, Sum: 0.0]
         [Processed Buffers: Min: 0, Avg: 0.0, Max: 0, Diff: 0, Sum: 0]
      [Scan RS (ms): Min: 0.0, Avg: 0.0, Max: 0.0, Diff: 0.0, Sum: 0.1]
      [Code Root Scanning (ms): Min: 0.0, Avg: 1.3, Max: 10.5, Diff: 10.5, Sum: 10.5]
      [Object Copy (ms): Min: 0.0, Avg: 4.4, Max: 7.1, Diff: 7.1, Sum: 35.5]
      [Termination (ms): Min: 0.0, Avg: 3.3, Max: 4.4, Diff: 4.4, Sum: 26.5]
         [Termination Attempts: Min: 1, Avg: 6.4, Max: 15, Diff: 14, Sum: 51]
      [GC Worker Other (ms): Min: 0.0, Avg: 0.0, Max: 0.0, Diff: 0.0, Sum: 0.1]
      [GC Worker Total (ms): Min: 3.3, Avg: 9.5, Max: 11.4, Diff: 8.2, Sum: 75.7]
      [GC Worker End (ms): Min: 58484.9, Avg: 58485.0, Max: 58485.1, Diff: 0.2]
   [Code Root Fixup: 0.1 ms]
   [Code Root Purge: 0.0 ms]
   [Clear CT: 0.1 ms]
   [Other: 2.4 ms]
      [Choose CSet: 0.0 ms]
      [Ref Proc: 1.6 ms]
      [Ref Enq: 0.0 ms]
      [Redirty Cards: 0.2 ms]
      [Humongous Register: 0.2 ms]
      [Humongous Reclaim: 0.0 ms]
      [Free CSet: 0.1 ms]
   [Eden: 204.0M(204.0M)->0.0B(260.0M) Survivors: 8192.0K->10.0M Heap: 211.4M(4096.0M)->9719.5K(4096.0M)]
 [Times: user=0.04 sys=0.01, real=0.02 secs] 
79.991: [GC pause (G1 Evacuation Pause) (young), 0.0077473 secs]
   [Parallel Time: 5.9 ms, GC Workers: 8]
      [GC Worker Start (ms): Min: 79991.1, Avg: 79991.2, Max: 79991.2, Diff: 0.1]
      [Ext Root Scanning (ms): Min: 0.2, Avg: 0.5, Max: 2.3, Diff: 2.1, Sum: 3.9]
      [Update RS (ms): Min: 0.0, Avg: 0.0, Max: 0.0, Diff: 0.0, Sum: 0.0]
         [Processed Buffers: Min: 0, Avg: 0.0, Max: 0, Diff: 0, Sum: 0]
      [Scan RS (ms): Min: 0.0, Avg: 0.0, Max: 0.0, Diff: 0.0, Sum: 0.1]
      [Code Root Scanning (ms): Min: 0.0, Avg: 0.8, Max: 2.6, Diff: 2.6, Sum: 6.3]
      [Object Copy (ms): Min: 1.8, Avg: 3.5, Max: 4.8, Diff: 2.9, Sum: 27.9]
      [Termination (ms): Min: 0.0, Avg: 0.8, Max: 1.1, Diff: 1.1, Sum: 6.4]
         [Termination Attempts: Min: 1, Avg: 27.1, Max: 39, Diff: 38, Sum: 217]
      [GC Worker Other (ms): Min: 0.0, Avg: 0.0, Max: 0.0, Diff: 0.0, Sum: 0.1]
      [GC Worker Total (ms): Min: 5.4, Avg: 5.6, Max: 5.9, Diff: 0.5, Sum: 44.8]
      [GC Worker End (ms): Min: 79996.6, Avg: 79996.8, Max: 79997.0, Diff: 0.4]
   [Code Root Fixup: 0.1 ms]
   [Code Root Purge: 0.0 ms]
   [Clear CT: 0.1 ms]
   [Other: 1.6 ms]
      [Choose CSet: 0.0 ms]
      [Ref Proc: 1.1 ms]
      [Ref Enq: 0.0 ms]
      [Redirty Cards: 0.1 ms]
      [Humongous Register: 0.1 ms]
      [Humongous Reclaim: 0.0 ms]
      [Free CSet: 0.1 ms]
   [Eden: 260.0M(260.0M)->0.0B(2450.0M) Survivors: 10.0M->6144.0K Heap: 269.5M(4096.0M)->6018.0K(4096.0M)]
 [Times: user=0.03 sys=0.01, real=0.01 secs] 
